1988-12-24T14:00:00.000-0800 system=detonator_inventory event=inventory_check action=verify count=12 expected=12 missing=0 status=secured message="Detonator inventory verified — 12 units sealed in case D-7"
1988-12-24T14:30:00.000-0800 system=vault_protocol event=documentation action=system_note message="VAULT PROTOCOL 7: Secondary release — electromagnetic failsafe. Final lock disengages on power loss. Not accessible via terminal. See facilities manual ref VP-7."
1988-12-24T18:57:24.203-0800 system=vault_env event=status action=heartbeat message="Humidity check passed"
1988-12-24T19:51:49.829-0800 system=vault_power event=status action=heartbeat message="Vibration sensor: no anomaly"
1988-12-24T20:15:57.540-0800 system=vault_monitor event=status action=heartbeat message="Door sensor check: sealed"
1988-12-24T20:41:35.478-0800 system=vault_monitor event=status action=heartbeat message="All systems nominal"
1988-12-24T20:47:53.356-0800 system=vault_env event=status action=heartbeat message="Vibration sensor: no anomaly"
1988-12-24T20:55:28.341-0800 system=vault_power event=status action=heartbeat message="Temperature within parameters"
1988-12-24T21:36:11.610-0800 system=vault_power event=status action=heartbeat message="Temperature within parameters"
1988-12-24T21:41:58.505-0800 system=vault_env event=status action=heartbeat message="Humidity check passed"
1988-12-24T21:47:29.630-0800 system=vault_env event=status action=heartbeat message="Door sensor check: sealed"
1988-12-24T22:08:33.083-0800 system=vault_power event=status action=heartbeat message="Vibration sensor: no anomaly"
1988-12-24T22:14:00.000-0800 system=detonator_inventory event=inventory_check action=spot_check count=12 expected=12 missing=0 status=secured message="Pre-vault-work inventory check — 12 units, all seals intact"
1988-12-24T22:15:11.537-0800 system=vault_power event=status action=heartbeat message="Humidity check passed"
1988-12-24T22:29:23.386-0800 system=vault_env event=status action=heartbeat message="Humidity check passed"
1988-12-24T22:40:29.389-0800 system=vault_monitor event=status action=heartbeat message="Power supply stable"
1988-12-24T23:07:00.000-0800 system=detonator_inventory event=inventory_check action=audit count=9 expected=12 missing=3 status=anomaly message="ALERT: detonator inventory discrepancy — expected=12 counted=9 missing=3"
1988-12-24T23:07:53.735-0800 system=vault_monitor event=status action=heartbeat message="Vibration sensor: no anomaly"
1988-12-24T23:08:00.000-0800 system=detonator_inventory event=inventory_check action=reconcile count=9 expected=12 missing=3 status=missing message="Reconciliation complete — missing=3 last_seal_break=22:47 PST suspect=unknown_intruder"
1988-12-24T23:23:12.215-0800 system=vault_env event=status action=heartbeat message="Power supply stable"
1988-12-24T23:42:00.000-0800 system=detonator_inventory event=inventory_check action=audit count=9 expected=12 missing=3 status=missing message="Final audit — missing=3 — escalated to operations leader"
