1988-12-24T18:00:23.000-0800 system=hvac event=temp_reading floor=1 zone=mechanical value=71.9 unit=F
1988-12-24T18:00:43.419-0800 system=elevator event=car_call floor=15 zone= value=1 unit=car
1988-12-24T18:01:42.421-0800 system=elevator event=car_call floor=25 zone= value=3 unit=car
1988-12-24T18:05:29.000-0800 system=hvac event=temp_reading floor=1 zone=north_core value=71.6 unit=F
1988-12-24T18:10:18.000-0800 system=hvac event=temp_reading floor=25 zone=south_core value=74.1 unit=F
1988-12-24T18:15:11.000-0800 system=hvac event=temp_reading floor=30 zone=east_wing value=69.3 unit=F
1988-12-24T18:18:31.470-0800 system=elevator event=car_call floor=10 zone= value=2 unit=car
1988-12-24T18:20:08.000-0800 system=hvac event=temp_reading floor=30 zone=south_core value=73.6 unit=F
1988-12-24T18:20:18.226-0800 system=elevator event=car_call floor=20 zone= value=2 unit=car
1988-12-24T18:22:40.014-0800 system=elevator event=car_call floor=25 zone= value=3 unit=car
1988-12-24T18:25:08.000-0800 system=hvac event=temp_reading floor=35 zone=east_wing value=72.3 unit=F
1988-12-24T18:29:11.658-0800 system=elevator event=car_call floor=1 zone= value=4 unit=car
1988-12-24T18:29:27.971-0800 system=hvac event=temp_reading floor=15 zone=east_wing value=71.2 unit=F encoded_message="SVYGRE ERCYNPRQ MBAR 4"
1988-12-24T18:30:19.000-0800 system=hvac event=temp_reading floor=5 zone=lobby value=72.2 unit=F
1988-12-24T18:35:08.000-0800 system=hvac event=temp_reading floor=25 zone=east_wing value=73.8 unit=F
1988-12-24T18:40:15.000-0800 system=hvac event=temp_reading floor=25 zone=east_wing value=72.2 unit=F
1988-12-24T18:43:22.365-0800 system=elevator event=car_call floor=1 zone= value=2 unit=car
1988-12-24T18:43:37.486-0800 system=power event=grid_status floor=0 zone=utility value=480.5 unit=kW
1988-12-24T18:44:08.012-0800 system=elevator event=car_call floor=15 zone= value=2 unit=car
1988-12-24T18:44:15.351-0800 system=elevator event=car_call floor=15 zone= value=3 unit=car
1988-12-24T18:45:16.000-0800 system=hvac event=temp_reading floor=5 zone=lobby value=72.5 unit=F
1988-12-24T18:50:13.000-0800 system=hvac event=temp_reading floor=20 zone=east_wing value=71.7 unit=F
1988-12-24T18:55:19.000-0800 system=hvac event=temp_reading floor=30 zone=east_wing value=73.8 unit=F
1988-12-24T18:57:48.900-0800 system=elevator event=car_call floor=15 zone= value=4 unit=car
1988-12-24T19:00:23.000-0800 system=hvac event=temp_reading floor=25 zone=lobby value=72.9 unit=F
1988-12-24T19:01:41.719-0800 system=power event=grid_status floor=0 zone=utility value=481.1 unit=kW
1988-12-24T19:04:34.338-0800 system=elevator event=car_call floor=15 zone= value=3 unit=car
1988-12-24T19:05:02.000-0800 system=hvac event=temp_reading floor=30 zone=east_wing value=71.9 unit=F
1988-12-24T19:08:07.555-0800 system=hvac event=temp_reading floor=20 zone=lobby value=72.1 unit=F encoded_message="UHZVQVGL PNYVOENGVBA PBZCYRGR"
1988-12-24T19:08:51.028-0800 system=elevator event=car_call floor=1 zone= value=4 unit=car
1988-12-24T19:10:11.000-0800 system=hvac event=temp_reading floor=20 zone=west_wing value=71.6 unit=F
1988-12-24T19:11:59.965-0800 system=elevator event=car_call floor=25 zone= value=2 unit=car
1988-12-24T19:15:27.000-0800 system=hvac event=temp_reading floor=30 zone=lobby value=73.2 unit=F
1988-12-24T19:20:02.084-0800 system=elevator event=car_call floor=35 zone= value=2 unit=car
1988-12-24T19:20:16.000-0800 system=hvac event=temp_reading floor=roof zone=mechanical value=70.0 unit=F
1988-12-24T19:25:15.000-0800 system=hvac event=temp_reading floor=28 zone=mechanical value=72.7 unit=F
1988-12-24T19:27:49.941-0800 system=elevator event=car_call floor=1 zone= value=4 unit=car
1988-12-24T19:29:35.632-0800 system=elevator event=car_call floor=10 zone= value=2 unit=car
1988-12-24T19:30:25.000-0800 system=hvac event=temp_reading floor=30 zone=south_core value=73.2 unit=F
1988-12-24T19:34:47.762-0800 system=power event=grid_status floor=0 zone=utility value=476.2 unit=kW
1988-12-24T19:35:08.000-0800 system=hvac event=temp_reading floor=20 zone=lobby value=68.3 unit=F
1988-12-24T19:36:10.452-0800 system=elevator event=car_call floor=15 zone= value=2 unit=car
1988-12-24T19:40:03.000-0800 system=hvac event=temp_reading floor=25 zone=south_core value=72.1 unit=F
1988-12-24T19:41:59.543-0800 system=elevator event=car_call floor=35 zone= value=2 unit=car
1988-12-24T19:42:18.897-0800 system=elevator event=car_call floor=25 zone= value=4 unit=car
1988-12-24T19:45:19.000-0800 system=hvac event=temp_reading floor=30 zone=north_core value=72.2 unit=F
1988-12-24T19:50:20.000-0800 system=hvac event=temp_reading floor=10 zone=mechanical value=72.2 unit=F
1988-12-24T19:54:51.011-0800 system=elevator event=car_call floor=15 zone= value=4 unit=car
1988-12-24T19:55:03.000-0800 system=hvac event=temp_reading floor=5 zone=east_wing value=71.2 unit=F
1988-12-24T19:55:15.102-0800 system=elevator event=car_call floor=30 zone= value=2 unit=car
1988-12-24T20:00:14.000-0800 system=hvac event=temp_reading floor=roof zone=lobby value=73.4 unit=F
1988-12-24T20:01:03.175-0800 system=elevator event=car_call floor=25 zone= value=1 unit=car
1988-12-24T20:05:11.000-0800 system=hvac event=temp_reading floor=30 zone=north_core value=72.1 unit=F
1988-12-24T20:10:23.000-0800 system=hvac event=temp_reading floor=1 zone=east_wing value=70.6 unit=F
1988-12-24T20:14:43.375-0800 system=elevator event=car_call floor=10 zone= value=1 unit=car
1988-12-24T20:14:52.835-0800 system=power event=grid_status floor=0 zone=utility value=486.6 unit=kW
1988-12-24T20:15:07.000-0800 system=hvac event=temp_reading floor=15 zone=west_wing value=76.8 unit=F
1988-12-24T20:20:25.000-0800 system=hvac event=temp_reading floor=28 zone=south_core value=73.3 unit=F
1988-12-24T20:24:12.804-0800 system=elevator event=car_call floor=15 zone= value=2 unit=car
1988-12-24T20:25:25.000-0800 system=hvac event=temp_reading floor=roof zone=north_core value=72.5 unit=F
1988-12-24T20:25:37.922-0800 system=elevator event=car_call floor=1 zone= value=3 unit=car
1988-12-24T20:25:38.316-0800 system=elevator event=car_call floor=25 zone= value=1 unit=car
1988-12-24T20:26:28.766-0800 system=power event=grid_status floor=0 zone=utility value=481.0 unit=kW
1988-12-24T20:29:05.379-0800 system=elevator event=car_call floor=1 zone= value=1 unit=car
1988-12-24T20:30:06.000-0800 system=hvac event=temp_reading floor=1 zone=north_core value=73.2 unit=F
1988-12-24T20:33:21.495-0800 system=elevator event=car_call floor=15 zone= value=1 unit=car
1988-12-24T20:35:23.000-0800 system=hvac event=temp_reading floor=5 zone=south_core value=72.0 unit=F
1988-12-24T20:39:25.911-0800 system=elevator event=car_call floor=30 zone= value=4 unit=car
1988-12-24T20:40:20.000-0800 system=hvac event=temp_reading floor=25 zone=mechanical value=70.5 unit=F
1988-12-24T20:45:09.000-0800 system=hvac event=temp_reading floor=20 zone=west_wing value=69.1 unit=F
1988-12-24T20:50:04.000-0800 system=hvac event=temp_reading floor=35 zone=lobby value=70.3 unit=F
1988-12-24T20:52:54.838-0800 system=power event=grid_status floor=0 zone=utility value=482.4 unit=kW
1988-12-24T20:55:07.906-0800 system=power event=grid_status floor=0 zone=utility value=473.1 unit=kW
1988-12-24T20:55:13.000-0800 system=hvac event=temp_reading floor=30 zone=south_core value=72.7 unit=F
1988-12-24T20:59:45.131-0800 system=elevator event=car_call floor=10 zone= value=3 unit=car
1988-12-24T21:00:10.000-0800 system=hvac event=temp_reading floor=15 zone=east_wing value=70.5 unit=F
1988-12-24T21:02:02.251-0800 system=elevator event=car_call floor=15 zone= value=3 unit=car
1988-12-24T21:03:33.340-0800 system=elevator event=car_call floor=30 zone= value=4 unit=car
1988-12-24T21:05:00.000-0800 system=hvac event=temp_reading floor=28 zone=lobby value=71.3 unit=F
1988-12-24T21:09:47.546-0800 system=power event=grid_status floor=0 zone=utility value=482.2 unit=kW
1988-12-24T21:10:23.000-0800 system=hvac event=temp_reading floor=28 zone=mechanical value=71.9 unit=F
1988-12-24T21:11:30.322-0800 system=elevator event=car_call floor=30 zone= value=3 unit=car
1988-12-24T21:12:37.152-0800 system=elevator event=car_call floor=15 zone= value=1 unit=car
1988-12-24T21:14:40.806-0800 system=elevator event=car_call floor=20 zone= value=1 unit=car
1988-12-24T21:15:00.000-0800 system=hvac event=temp_reading floor=5 zone=south_core value=71.7 unit=F
1988-12-24T21:17:31.806-0800 system=elevator event=car_call floor=1 zone= value=1 unit=car
1988-12-24T21:20:16.000-0800 system=hvac event=temp_reading floor=1 zone=east_wing value=71.8 unit=F
1988-12-24T21:25:13.000-0800 system=hvac event=temp_reading floor=5 zone=mechanical value=69.0 unit=F
1988-12-24T21:25:18.828-0800 system=elevator event=car_call floor=10 zone= value=2 unit=car
1988-12-24T21:25:58.341-0800 system=power event=grid_status floor=0 zone=utility value=479.2 unit=kW
1988-12-24T21:27:35.927-0800 system=elevator event=car_call floor=15 zone= value=4 unit=car
1988-12-24T21:30:08.000-0800 system=hvac event=temp_reading floor=15 zone=lobby value=72.5 unit=F
1988-12-24T21:34:12.002-0800 system=power event=grid_status floor=0 zone=utility value=483.5 unit=kW
1988-12-24T21:35:20.000-0800 system=hvac event=temp_reading floor=20 zone=north_core value=73.7 unit=F
1988-12-24T21:40:08.000-0800 system=hvac event=temp_reading floor=30 zone=east_wing value=74.2 unit=F
1988-12-24T21:45:15.253-0800 system=elevator event=car_call floor=15 zone= value=2 unit=car
1988-12-24T21:45:19.000-0800 system=hvac event=temp_reading floor=25 zone=mechanical value=73.3 unit=F
1988-12-24T21:46:54.784-0800 system=elevator event=car_call floor=10 zone= value=2 unit=car
1988-12-24T21:50:13.000-0800 system=hvac event=temp_reading floor=5 zone=north_core value=71.6 unit=F
1988-12-24T21:51:40.317-0800 system=power event=grid_status floor=0 zone=utility value=477.2 unit=kW
1988-12-24T21:55:28.000-0800 system=hvac event=temp_reading floor=28 zone=south_core value=71.5 unit=F
1988-12-24T21:55:34.551-0800 system=elevator event=car_call floor=10 zone= value=3 unit=car
1988-12-24T21:56:33.394-0800 system=elevator event=car_call floor=30 zone= value=2 unit=car
1988-12-24T22:00:20.000-0800 system=hvac event=temp_reading floor=35 zone=east_wing value=70.2 unit=F
1988-12-24T22:02:54.550-0800 system=elevator event=car_call floor=10 zone= value=2 unit=car
1988-12-24T22:03:35.945-0800 system=hvac event=temp_reading floor=10 zone=lobby value=71.9 unit=F encoded_message="NAAHNY VAFCRPGVBA QHR 2026-01-15"
1988-12-24T22:05:22.000-0800 system=hvac event=temp_reading floor=1 zone=mechanical value=70.1 unit=F
1988-12-24T22:08:10.353-0800 system=elevator event=car_call floor=roof zone= value=0 unit= detail="service_code: E-4401"
1988-12-24T22:10:26.000-0800 system=hvac event=temp_reading floor=1 zone=west_wing value=70.7 unit=F
1988-12-24T22:13:39.315-0800 system=elevator event=car_call floor=20 zone= value=4 unit=car
1988-12-24T22:15:01.000-0800 system=hvac event=temp_reading floor=roof zone=lobby value=71.1 unit=F
1988-12-24T22:17:48.544-0800 system=elevator event=car_call floor=35 zone= value=1 unit=car
1988-12-24T22:18:48.578-0800 system=power event=grid_status floor=0 zone=utility value=474.9 unit=kW
1988-12-24T22:20:04.000-0800 system=hvac event=temp_reading floor=5 zone=lobby value=73.6 unit=F
1988-12-24T22:20:12.777-0800 system=power event=grid_status floor=0 zone=utility value=484.1 unit=kW
1988-12-24T22:25:08.000-0800 system=hvac event=temp_reading floor=20 zone=east_wing value=73.3 unit=F
1988-12-24T22:30:07.000-0800 system=hvac event=temp_reading floor=35 zone=west_wing value=70.3 unit=F
1988-12-24T22:35:07.000-0800 system=hvac event=temp_reading floor=20 zone=lobby value=73.6 unit=F
1988-12-24T22:40:11.000-0800 system=hvac event=temp_reading floor=35 zone=mechanical value=71.1 unit=F
1988-12-24T22:45:09.000-0800 system=hvac event=temp_reading floor=5 zone=east_wing value=73.3 unit=F
1988-12-24T22:48:37.247-0800 system=power event=grid_status floor=0 zone=utility value=472.5 unit=kW
1988-12-24T22:50:09.000-0800 system=hvac event=temp_reading floor=10 zone=north_core value=71.1 unit=F
1988-12-24T22:50:41.210-0800 system=power event=grid_status floor=0 zone=utility value=472.3 unit=kW
1988-12-24T22:52:53.817-0800 system=elevator event=car_call floor=1 zone= value=1 unit=car
1988-12-24T22:55:12.000-0800 system=hvac event=temp_reading floor=35 zone=north_core value=71.7 unit=F
1988-12-24T22:55:41.222-0800 system=power event=grid_status floor=0 zone=utility value=481.6 unit=kW
1988-12-24T22:56:21.531-0800 system=elevator event=car_call floor=30 zone= value=1 unit=car
1988-12-24T22:58:17.720-0800 system=power event=grid_status floor=0 zone=utility value=477.1 unit=kW
1988-12-24T23:00:00.000-0800 system=hvac event=temp_reading floor=roof zone=mechanical value=87.3 unit=F note="Helipad de-icing system test — heat trace active"
1988-12-24T23:00:10.000-0800 system=hvac event=temp_reading floor=1 zone=south_core value=72.7 unit=F
1988-12-24T23:01:21.184-0800 system=elevator event=car_call floor=25 zone= value=1 unit=car
1988-12-24T23:02:02.026-0800 system=elevator event=car_call floor=20 zone= value=1 unit=car
1988-12-24T23:03:31.728-0800 system=elevator event=car_call floor=15 zone= value=1 unit=car
1988-12-24T23:05:00.000-0800 system=hvac event=temp_reading floor=roof zone=north_corner value=96.4 unit=F
1988-12-24T23:05:03.041-0800 system=elevator event=car_call floor=1 zone= value=4 unit=car
1988-12-24T23:05:09.000-0800 system=hvac event=temp_reading floor=roof zone=east_wing value=71.1 unit=F
1988-12-24T23:08:00.000-0800 system=hvac event=temp_reading floor=roof zone=south_corner value=97.8 unit=F
1988-12-24T23:09:43.374-0800 system=elevator event=car_call floor=20 zone= value=4 unit=car
1988-12-24T23:10:02.000-0800 system=hvac event=temp_reading floor=10 zone=east_wing value=74.5 unit=F
1988-12-24T23:12:00.000-0800 system=hvac event=temp_reading floor=roof zone=mechanical value=98.7 unit=F encoded_message="GURER VF AB CBJRE JVGUBHG PBQR 8086"
1988-12-24T23:15:00.000-0800 system=hvac event=temp_reading floor=roof zone=east_corner value=99.1 unit=F
1988-12-24T23:15:22.000-0800 system=hvac event=temp_reading floor=5 zone=lobby value=71.8 unit=F
1988-12-24T23:16:09.158-0800 system=power event=grid_status floor=0 zone=utility value=486.3 unit=kW
1988-12-24T23:16:49.420-0800 system=elevator event=car_call floor=15 zone= value=4 unit=car
1988-12-24T23:18:00.000-0800 system=hvac event=temp_reading floor=roof zone=mechanical value=89.1 unit=F note="Exhaust vent recirculation — operator notified"
1988-12-24T23:20:07.000-0800 system=hvac event=temp_reading floor=35 zone=east_wing value=70.3 unit=F
1988-12-24T23:22:23.694-0800 system=power event=grid_status floor=0 zone=utility value=482.2 unit=kW
1988-12-24T23:25:11.009-0800 system=elevator event=car_call floor=20 zone= value=2 unit=car
1988-12-24T23:25:14.000-0800 system=hvac event=temp_reading floor=1 zone=north_core value=73.4 unit=F
1988-12-24T23:30:19.000-0800 system=hvac event=temp_reading floor=20 zone=west_wing value=73.7 unit=F
1988-12-24T23:31:26.781-0800 system=elevator event=car_call floor=25 zone= value=2 unit=car
1988-12-24T23:35:17.000-0800 system=hvac event=temp_reading floor=30 zone=north_core value=73.0 unit=F
1988-12-24T23:36:45.155-0800 system=power event=grid_status floor=0 zone=utility value=481.0 unit=kW
1988-12-24T23:37:35.935-0800 system=elevator event=car_call floor=15 zone= value=1 unit=car
1988-12-24T23:40:19.000-0800 system=hvac event=temp_reading floor=25 zone=lobby value=71.0 unit=F
1988-12-24T23:45:25.000-0800 system=hvac event=temp_reading floor=28 zone=west_wing value=72.9 unit=F
1988-12-24T23:47:12.990-0800 system=elevator event=car_call floor=30 zone= value=4 unit=car
1988-12-24T23:48:49.161-0800 system=elevator event=car_call floor=30 zone= value=1 unit=car
1988-12-24T23:50:18.000-0800 system=hvac event=temp_reading floor=25 zone=north_core value=75.3 unit=F
1988-12-24T23:52:11.095-0800 system=elevator event=car_call floor=1 zone= value=2 unit=car
1988-12-24T23:55:30.000-0800 system=hvac event=temp_reading floor=28 zone=south_core value=73.5 unit=F
1988-12-24T23:56:07.132-0800 system=elevator event=car_call floor=1 zone= value=4 unit=car
