1988-12-24T18:01:07.764-0800 system=security event_type=camera_motion floor=30 zone=south_entrance channel= severity=info message="Alarm system heartbeat"
1988-12-24T18:13:07.274-0800 system=security event_type=alarm_check floor=30 zone=lobby channel= severity=info message="Motion detected — identified as employee"
1988-12-24T18:35:33.998-0800 system=security event_type=perimeter_status floor=30 zone=south_entrance channel= severity=info message="Door sensor check passed"
1988-12-24T18:39:57.644-0800 system=security event_type=alarm_check floor=30 zone=parking channel= severity=info message="Door sensor check passed"
1988-12-24T18:40:47.758-0800 system=security event_type=alarm_check floor=1 zone=south_entrance channel= severity=info message="Motion detected — identified as employee"
1988-12-24T18:41:22.962-0800 system=security event_type=alarm_check floor=10 zone=south_entrance channel= severity=info message="Door sensor check passed"
1988-12-24T18:51:25.387-0800 system=security event_type=perimeter_status floor=roof zone=lobby channel= severity=info message="Alarm system heartbeat"
1988-12-24T19:11:53.803-0800 system=security event_type=alarm_check floor=1 zone=north_entrance channel= severity=info message="Perimeter status: secure"
1988-12-24T19:12:03.902-0800 system=security event_type=alarm_check floor=20 zone=south_entrance channel= severity=info message="Door sensor check passed"
1988-12-24T19:21:29.398-0800 system=security event_type=alarm_check floor=20 zone=south_entrance channel= severity=info message="Perimeter status: secure"
1988-12-24T19:22:55.037-0800 system=security event_type=camera_motion floor=10 zone=parking channel= severity=info message="Camera check: nominal"
1988-12-24T19:29:11.006-0800 system=security event_type=perimeter_status floor=20 zone=parking channel= severity=info message="Alarm system heartbeat"
1988-12-24T19:31:24.151-0800 system=security event_type=camera_motion floor=20 zone=south_entrance channel= severity=info message="Perimeter status: secure"
1988-12-24T19:33:48.342-0800 system=security event_type=camera_motion floor=30 zone=south_entrance channel= severity=info message="Camera check: nominal"
1988-12-24T19:38:33.647-0800 system=security event_type=camera_motion floor=20 zone=parking channel= severity=info message="Perimeter status: secure"
1988-12-24T19:43:03.340-0800 system=security event_type=perimeter_status floor=1 zone=south_entrance channel= severity=info message="Alarm system heartbeat"
1988-12-24T19:48:39.105-0800 system=security event_type=camera_motion floor=1 zone=north_entrance channel= severity=info message="Perimeter status: secure"
1988-12-24T19:54:53.506-0800 system=security event_type=camera_motion floor=10 zone=south_entrance channel= severity=info message="Door sensor check passed"
1988-12-24T20:06:49.439-0800 system=security event_type=alarm_check floor=30 zone=north_entrance channel= severity=info message="Motion detected — identified as employee"
1988-12-24T20:12:00.000-0800 system=fire_alarm event_type=alarm_trigger floor=24 zone=interior channel= severity=low message="Smoke detected — kitchen prep area"
1988-12-24T20:18:59.094-0800 system=security event_type=perimeter_status floor=10 zone=south_entrance channel= severity=info message="Door sensor check passed"
1988-12-24T20:20:48.907-0800 system=security event_type=camera_motion floor=30 zone=north_entrance channel= severity=info message="Perimeter status: secure"
1988-12-24T20:24:24.935-0800 system=security event_type=alarm_check floor=10 zone=north_entrance channel= severity=info message="Alarm system heartbeat"
1988-12-24T20:25:23.526-0800 system=security event_type=perimeter_status floor=1 zone=lobby channel= severity=info message="Alarm system heartbeat"
1988-12-24T20:37:00.000-0800 system=fire_alarm event_type=alarm_trigger floor=26 zone=interior channel= severity=low message="Manual pull station 26-N — false alarm, reset by maintenance"
1988-12-24T20:40:46.415-0800 system=security event_type=perimeter_status floor=30 zone=lobby channel= severity=info message="Door sensor check passed"
1988-12-24T20:41:04.721-0800 system=security event_type=perimeter_status floor=roof zone=north_entrance channel= severity=info message="Door sensor check passed"
1988-12-24T20:45:34.623-0800 system=security event_type=alarm_check floor=30 zone=north_entrance channel= severity=info message="Alarm system heartbeat"
1988-12-24T20:51:48.962-0800 system=security event_type=alarm_check floor=1 zone=north_entrance channel= severity=info message="Motion detected — identified as employee"
1988-12-24T21:04:00.239-0800 system=security event_type=alarm_check floor=1 zone=parking channel= severity=info message="Perimeter status: secure"
1988-12-24T21:04:48.703-0800 system=security event_type=alarm_check floor=roof zone=parking channel= severity=info message="Door sensor check passed"
1988-12-24T21:08:00.000-0800 system=fire_alarm event_type=alarm_trigger floor=30 zone=interior channel= severity=low message="Smoke from sterno warmer — buffet station, reset"
1988-12-24T21:14:05.152-0800 system=security event_type=camera_motion floor=1 zone=lobby channel= severity=info message="Alarm system heartbeat"
1988-12-24T21:17:35.391-0800 system=security event_type=camera_motion floor=roof zone=parking channel= severity=info message="Alarm system heartbeat"
1988-12-24T21:18:42.355-0800 system=security event_type=perimeter_status floor=30 zone=south_entrance channel= severity=info message="Motion detected — identified as employee"
1988-12-24T21:19:52.494-0800 system=security event_type=alarm_check floor=10 zone=parking channel= severity=info message="Perimeter status: secure"
1988-12-24T21:28:13.269-0800 system=security event_type=camera_motion floor=20 zone=south_entrance channel= severity=info message="Perimeter status: secure"
1988-12-24T21:32:03.133-0800 system=security event_type=camera_motion floor=10 zone=lobby channel= severity=info message="Camera check: nominal"
1988-12-24T21:33:12.622-0800 system=security event_type=alarm_check floor=roof zone=lobby channel= severity=info message="Motion detected — identified as employee"
1988-12-24T21:34:06.121-0800 system=security event_type=camera_motion floor=10 zone=lobby channel= severity=info message="Perimeter status: secure"
1988-12-24T21:40:33.758-0800 system=security event_type=alarm_check floor=1 zone=lobby channel= severity=info message="Door sensor check passed"
1988-12-24T21:42:00.000-0800 system=security event_type=camera_offline floor=25 camera_id=CAM-25-NORTH zone=north_loading severity=low scheduled_by=UNKNOWN ticket=MAINT-9425 message="Scheduled maintenance — CAM-25-NORTH offline (ticket=9425). No scheduler on record."
1988-12-24T21:42:37.883-0800 system=security event_type=camera_motion floor=roof zone=north_entrance channel= severity=info message="Perimeter status: secure"
1988-12-24T21:43:31.128-0800 system=security event_type=perimeter_status floor=roof zone=north_entrance channel= severity=info message="Perimeter status: secure"
1988-12-24T21:50:02.217-0800 system=security event_type=perimeter_status floor=roof zone=lobby channel= severity=info message="Camera check: nominal"
1988-12-24T21:51:03.509-0800 system=security event_type=perimeter_status floor=10 zone=south_entrance channel= severity=info message="Door sensor check passed"
1988-12-24T22:00:00.000-0800 system=security event_type=camera_offline_continued floor=25 camera_id=CAM-25-NORTH zone=north_loading severity=medium message="Crew movement detected in loading dock — no video coverage."
1988-12-24T22:02:17.497-0800 system=security event_type=perimeter_status floor=30 zone=parking channel= severity=info message="Camera check: nominal"
1988-12-24T22:05:46.036-0800 system=security event_type=perimeter_status floor=30 zone=north_entrance channel= severity=info message="Camera check: nominal"
1988-12-24T22:07:24.623-0800 system=security event_type=camera_motion floor=30 zone=lobby channel= severity=info message="Camera check: nominal"
1988-12-24T22:07:52.588-0800 system=security event_type=perimeter_status floor=roof zone=north_entrance channel= severity=info message="Perimeter status: secure"
1988-12-24T22:16:34.795-0800 system=security event_type=alarm_check floor=20 zone=south_entrance channel= severity=info message="Perimeter status: secure"
1988-12-24T22:19:35.332-0800 system=security event_type=perimeter_status floor=1 zone=south_entrance channel= severity=info message="Door sensor check passed"
1988-12-24T22:45:00.000-0800 system=security event_type=incident floor=0 zone=building-wide channel=internal severity=critical message="Unaccounted personnel — floor sweep incomplete. One individual not in hostage count."
1988-12-24T22:48:07.158-0800 system=security event_type=perimeter_status floor=10 zone=south_entrance channel= severity=info message="Alarm system heartbeat"
1988-12-24T22:55:48.442-0800 system=security event_type=alarm_check floor=20 zone=lobby channel= severity=info message="Motion detected — identified as employee"
1988-12-24T23:00:00.000-0800 system=security event_type=incident floor=0 zone=building-wide channel=internal severity=critical message="Radio traffic — unknown unit on building frequency. Officer requesting backup — wrong channel."
1988-12-24T23:04:08.097-0800 system=radio event_type=radio_intercept floor=0 zone=exterior channel=freq_16 severity=high message="LAFD COMMAND // AUTH:3388 // HAZMAT STANDBY"
1988-12-24T23:07:01.437-0800 system=security event_type=intrusion_alert floor=1 zone=perimeter channel= severity=medium message="Perimeter activity — multiple vehicles"
1988-12-24T23:07:04.321-0800 system=security event_type=perimeter_breach floor=30 zone=exterior channel= severity=high message="Helicopter approach — low altitude"
1988-12-24T23:07:49.017-0800 system=security event_type=motion_anomaly floor=30 zone=perimeter channel= severity=high message="Window breach — upper floor"
1988-12-24T23:12:59.926-0800 system=security event_type=camera_motion floor=30 zone=north_entrance channel= severity=high message="Movement detected — unidentified"
1988-12-24T23:13:35.953-0800 system=radio event_type=radio_intercept floor=0 zone=exterior channel=freq_14 severity=high message="FBI FIELD CMD // REF:5765-A // ACKNOWLEDGE"
1988-12-24T23:15:00.000-0800 system=security event_type=incident floor=0 zone=building-wide channel=internal severity=critical message="Personnel down — floor 25. We've lost contact with Karl's team."
1988-12-24T23:16:28.798-0800 system=security event_type=camera_motion floor=roof zone=north_entrance channel= severity=high message="Movement detected — unidentified"
1988-12-24T23:18:45.000-0800 system=radio event_type=radio_intercept floor=0 zone=exterior channel=freq_14 severity=high message="FBI FIELD CMD // GRID-SEC-7 // AUTH:5765 // PRIORITY:IMMEDIATE // CONFIRM POWER DISCONNECT"
1988-12-24T23:19:10.464-0800 system=security event_type=perimeter_breach floor=30 zone=perimeter channel= severity=high message="Perimeter activity — multiple vehicles"
1988-12-24T23:20:21.249-0800 system=security event_type=camera_motion floor=30 zone=exterior channel= severity=high message="Perimeter activity — multiple vehicles"
1988-12-24T23:23:06.287-0800 system=security event_type=perimeter_breach floor=roof zone=perimeter channel= severity=medium message="Perimeter activity — multiple vehicles"
1988-12-24T23:23:30.557-0800 system=security event_type=intrusion_alert floor=1 zone=exterior channel= severity=medium message="Movement detected — unidentified"
1988-12-24T23:26:30.228-0800 system=security event_type=motion_anomaly floor=roof zone=perimeter channel= severity=high message="Perimeter activity — multiple vehicles"
1988-12-24T23:27:57.499-0800 system=security event_type=motion_anomaly floor=30 zone=north_entrance channel= severity=high message="Spotlight activation — exterior"
1988-12-24T23:29:12.426-0800 system=security event_type=intrusion_alert floor=30 zone=perimeter channel= severity=medium message="Window breach — upper floor"
1988-12-24T23:29:45.484-0800 system=security event_type=motion_anomaly floor=1 zone=north_entrance channel= severity=medium message="Movement detected — unidentified"
1988-12-24T23:30:00.000-0800 system=security event_type=incident floor=0 zone=building-wide channel=internal severity=critical message="Movement in HVAC ducting — sensor trigger, no ID badge. Just another American who saw too many movies."
1988-12-24T23:31:04.101-0800 system=security event_type=perimeter_breach floor=30 zone=north_entrance channel= severity=medium message="Movement detected — unidentified"
1988-12-24T23:31:48.302-0800 system=security event_type=camera_motion floor=30 zone=north_entrance channel= severity=medium message="Movement detected — unidentified"
1988-12-24T23:32:34.957-0800 system=security event_type=motion_anomaly floor=0 zone=perimeter channel= severity=high message="Movement detected — unidentified"
1988-12-24T23:36:07.470-0800 system=security event_type=perimeter_breach floor=0 zone=perimeter channel= severity=medium message="Movement detected — unidentified"
1988-12-24T23:36:59.847-0800 system=security event_type=camera_motion floor=30 zone=exterior channel= severity=medium message="Movement detected — unidentified"
1988-12-24T23:37:31.797-0800 system=security event_type=intrusion_alert floor=roof zone=perimeter channel= severity=medium message="Perimeter activity — multiple vehicles"
1988-12-24T23:38:00.000-0800 system=fire_alarm event_type=alarm_trigger floor=25 zone=interior channel= severity=high message="Manual pull station 25-W activated — UNKNOWN OPERATOR — no badge swipe"
1988-12-24T23:39:29.325-0800 system=radio event_type=radio_intercept floor=0 zone=exterior channel=freq_14 severity=high message="FBI FIELD CMD // ALL UNITS HOLD POSITION"
1988-12-24T23:41:04.912-0800 system=security event_type=perimeter_breach floor=1 zone=perimeter channel= severity=high message="Spotlight activation — exterior"
1988-12-24T23:42:15.600-0800 system=security event_type=motion_anomaly floor=0 zone=exterior channel= severity=medium message="Window breach — upper floor"
1988-12-24T23:42:59.069-0800 system=security event_type=perimeter_breach floor=1 zone=perimeter channel= severity=high message="Window breach — upper floor"
1988-12-24T23:43:37.075-0800 system=security event_type=camera_motion floor=roof zone=exterior channel= severity=medium message="Window breach — upper floor"
1988-12-24T23:44:38.003-0800 system=security event_type=perimeter_breach floor=roof zone=perimeter channel= severity=medium message="Window breach — upper floor"
1988-12-24T23:45:00.000-0800 system=security event_type=incident floor=0 zone=building-wide channel=internal severity=critical message="He's here. Hostile contact on floor 30. All units respond."
1988-12-24T23:46:43.893-0800 system=security event_type=motion_anomaly floor=30 zone=exterior channel= severity=high message="Window breach — upper floor"
1988-12-24T23:48:45.387-0800 system=radio event_type=radio_intercept floor=0 zone=exterior channel=freq_12 severity=high message="LAPD TAC-3 // AUTH:9901 // SWAT STAGING CONFIRMED"
1988-12-24T23:50:15.570-0800 system=security event_type=perimeter_breach floor=30 zone=exterior channel= severity=high message="Window breach — upper floor"
1988-12-24T23:52:34.165-0800 system=security event_type=motion_anomaly floor=0 zone=north_entrance channel= severity=medium message="Helicopter approach — low altitude"
1988-12-24T23:55:42.530-0800 system=security event_type=motion_anomaly floor=1 zone=north_entrance channel= severity=medium message="Helicopter approach — low altitude"
1988-12-24T23:57:44.820-0800 system=security event_type=motion_anomaly floor=1 zone=exterior channel= severity=high message="Helicopter approach — low altitude"
1988-12-24T23:59:19.874-0800 system=security event_type=perimeter_breach floor=roof zone=north_entrance channel= severity=medium message="Perimeter activity — multiple vehicles"
1988-12-24T23:59:25.144-0800 system=radio event_type=radio_intercept floor=0 zone=exterior channel=freq_14 severity=high message="FBI FIELD CMD // HELICOPTER ETA 10 MINUTES"
