1988-12-24T18:08:21.191-0800 session_id=VS-0001 user=system action=system_check detail="automated integrity verification" result=nominal
1988-12-24T18:12:35.867-0800 session_id=VS-0013 user=system action=system_check detail="automated integrity verification" result=nominal
1988-12-24T18:16:44.006-0800 session_id=VS-0017 user=system action=system_check detail="automated integrity verification" result=nominal
1988-12-24T18:30:30.978-0800 session_id=VS-0025 user=system action=system_check detail="automated integrity verification" result=nominal
1988-12-24T18:41:25.115-0800 session_id=VS-0018 user=system action=system_check detail="automated integrity verification" result=nominal
1988-12-24T18:55:59.655-0800 session_id=VS-0036 user=system action=system_check detail="automated integrity verification" result=nominal
1988-12-24T19:33:28.329-0800 session_id=VS-0036 user=system action=system_check detail="automated integrity verification" result=nominal
1988-12-24T19:37:00.000-0800 session_id=VS-0041 user=hans action=session_begin detail="terminal_auth=badge" result=pending
1988-12-24T19:37:15.000-0800 session_id=VS-0041 user=hans action=code_attempt detail="input=****" result=fail
1988-12-24T19:37:32.000-0800 session_id=VS-0041 user=hans action=session_end detail="session aborted by operator" result=abort
1988-12-24T19:41:46.477-0800 session_id=VS-0006 user=system action=system_check detail="automated integrity verification" result=nominal
1988-12-24T19:43:26.189-0800 session_id=VS-0002 user=system action=system_check detail="automated integrity verification" result=nominal
1988-12-24T19:53:37.571-0800 session_id=VS-0036 user=system action=system_check detail="automated integrity verification" result=nominal
1988-12-24T19:53:54.389-0800 session_id=VS-0004 user=system action=system_check detail="automated integrity verification" result=nominal
1988-12-24T19:58:31.766-0800 session_id=VS-0017 user=system action=system_check detail="automated integrity verification" result=nominal
1988-12-24T20:00:46.285-0800 session_id=VS-0002 user=system action=system_check detail="automated integrity verification" result=nominal
1988-12-24T20:02:00.000-0800 session_id=VS-0038 user=system action=session_begin detail="terminal_auth=automated" result=pending
1988-12-24T20:02:15.000-0800 session_id=VS-0038 user=system action=code_attempt detail="input=0" result=fail
1988-12-24T20:02:27.000-0800 session_id=VS-0038 user=system action=code_attempt detail="input=0" result=fail
1988-12-24T20:02:39.000-0800 session_id=VS-0038 user=system action=code_attempt detail="input=0" result=fail
1988-12-24T20:02:51.000-0800 session_id=VS-0038 user=system action=code_attempt detail="input=0" result=fail
1988-12-24T20:03:08.000-0800 session_id=VS-0038 user=system action=session_end detail="automated maintenance test" result=abort
1988-12-24T20:08:30.504-0800 session_id=VS-0034 user=system action=system_check detail="automated integrity verification" result=nominal
1988-12-24T20:10:46.265-0800 session_id=VS-0025 user=system action=system_check detail="automated integrity verification" result=nominal
1988-12-24T20:13:04.655-0800 session_id=VS-0012 user=system action=system_check detail="automated integrity verification" result=nominal
1988-12-24T20:24:13.298-0800 session_id=VS-0032 user=system action=system_check detail="automated integrity verification" result=nominal
1988-12-24T20:26:08.673-0800 session_id=VS-0010 user=system action=system_check detail="automated integrity verification" result=nominal
1988-12-24T20:35:32.863-0800 session_id=VS-0016 user=system action=system_check detail="automated integrity verification" result=nominal
1988-12-24T20:36:11.931-0800 session_id=VS-0022 user=system action=system_check detail="automated integrity verification" result=nominal
1988-12-24T21:05:00.000-0800 session_id=VS-0040 user=ellis action=session_begin detail="terminal_auth=badge" result=pending
1988-12-24T21:05:15.000-0800 session_id=VS-0040 user=ellis action=code_attempt detail="input=1" result=fail
1988-12-24T21:05:27.000-0800 session_id=VS-0040 user=ellis action=code_attempt detail="input=2" result=fail
1988-12-24T21:05:39.000-0800 session_id=VS-0040 user=ellis action=code_attempt detail="input=3" result=fail
1988-12-24T21:05:51.000-0800 session_id=VS-0040 user=ellis action=code_attempt detail="input=4" result=fail
1988-12-24T21:06:08.000-0800 session_id=VS-0040 user=ellis action=session_end detail="unauthorized access attempt" result=abort
1988-12-24T21:17:21.067-0800 session_id=VS-0022 user=system action=system_check detail="automated integrity verification" result=nominal
1988-12-24T21:40:54.970-0800 session_id=VS-0029 user=system action=system_check detail="automated integrity verification" result=nominal
1988-12-24T21:42:14.649-0800 session_id=VS-0021 user=system action=system_check detail="automated integrity verification" result=nominal
1988-12-24T22:09:53.296-0800 session_id=VS-0033 user=system action=system_check detail="automated integrity verification" result=nominal
1988-12-24T22:11:31.946-0800 session_id=VS-0033 user=system action=system_check detail="automated integrity verification" result=nominal
1988-12-24T22:14:40.843-0800 session_id=VS-0021 user=system action=system_check detail="automated integrity verification" result=nominal
1988-12-24T22:15:31.408-0800 session_id=VS-0014 user=system action=system_check detail="automated integrity verification" result=nominal
1988-12-24T22:15:39.734-0800 session_id=VS-0012 user=system action=system_check detail="automated integrity verification" result=nominal
1988-12-24T22:20:28.000-0800 session_id=VS-0042 user=takagi action=session_begin detail="terminal_auth=biometric" result=pending
1988-12-24T22:20:56.733-0800 session_id=VS-0022 user=system action=system_check detail="automated integrity verification" result=nominal
1988-12-24T22:21:15.000-0800 session_id=VS-0042 user=takagi action=code_attempt detail="input=4" result=fail
1988-12-24T22:22:03.000-0800 session_id=VS-0042 user=takagi action=code_attempt detail="input=2" result=fail
1988-12-24T22:22:51.000-0800 session_id=VS-0042 user=takagi action=code_attempt detail="input=9" result=fail
1988-12-24T22:23:39.000-0800 session_id=VS-0042 user=takagi action=code_attempt detail="input=1" result=fail
1988-12-24T22:24:47.000-0800 session_id=VS-0042 user=takagi action=session_end detail=max_attempts_exceeded result=abort
1988-12-24T22:50:42.888-0800 session_id=VS-0028 user=system action=system_check detail="automated integrity verification" result=nominal
1988-12-24T22:51:26.025-0800 session_id=VS-0021 user=system action=system_check detail="automated integrity verification" result=nominal
1988-12-24T23:05:05.653-0800 session_id=VS-0036 user=system action=system_check detail="automated integrity verification" result=nominal
1988-12-24T23:07:15.734-0800 session_id=VS-0005 user=system action=system_check detail="automated integrity verification" result=nominal
1988-12-24T23:15:26.400-0800 session_id=VS-0020 user=system action=system_check detail="automated integrity verification" result=nominal
1988-12-24T23:22:12.863-0800 session_id=VS-0024 user=system action=system_check detail="automated integrity verification" result=nominal
1988-12-24T23:23:09.189-0800 session_id=VS-0035 user=system action=system_check detail="automated integrity verification" result=nominal
1988-12-24T23:29:14.152-0800 session_id=VS-0016 user=system action=system_check detail="automated integrity verification" result=nominal
1988-12-24T23:32:24.796-0800 session_id=VS-0001 user=system action=system_check detail="automated integrity verification" result=nominal
1988-12-24T23:45:42.179-0800 session_id=VS-0031 user=system action=system_check detail="automated integrity verification" result=nominal
1988-12-24T23:50:07.407-0800 session_id=VS-0013 user=system action=system_check detail="automated integrity verification" result=nominal
